// Jest Snapshot v1, https://goo.gl/fbAQLP

exports[`<GridGallery /> should render with background 1`] = `
.c5 {
  font-size: 2.4rem;
}

.c2 > .c4 {
  margin-top: 0;
  margin-bottom: 3.2rem;
}

.c6 {
  display: grid;
  grid-template-columns: repeat(auto-fill,minmax(280px,1fr));
  gap: 3.2rem;
}

.c7 {
  overflow: hidden;
}

.c8 {
  width: 100%;
  -webkit-transition: all 300ms ease-in-out;
  transition: all 300ms ease-in-out;
}

.c8:hover {
  -webkit-transform: scale(1.2) rotate(10deg);
  -ms-transform: scale(1.2) rotate(10deg);
  transform: scale(1.2) rotate(10deg);
}

.c1 {
  max-width: 120rem;
  margin: 0 auto;
  padding: 3.2rem;
  width: 100%;
}

.c0 {
  background: #ffffff;
  color: #0A1128;
  min-height: 100vh;
  display: -webkit-box;
  display: -webkit-flex;
  display: -ms-flexbox;
  display: flex;
  -webkit-align-items: center;
  -webkit-box-align: center;
  -ms-flex-align: center;
  align-items: center;
}

.c3 {
  color: #0A1128;
  font-size: 4.0rem;
  text-transform: uppercase;
}

@media (max-width:768px) {
  .c6 {
    grid-template-columns: 1fr;
  }
}

<div>
  <div
    class="c0"
    id=""
  >
    <div
      class="c1"
    >
      <section
        class="c2"
      >
        <h2
          class="c3"
        >
          Grid Image
        </h2>
        <div
          class="c4 c5"
        >
          Lorem ipsum dolor sit amet consectetur, adipisicing elit. Nam officiis quibusdam iste! Nulla, !
        </div>
        <div
          class="c6"
        >
          <div
            class="c7"
          >
            <img
              alt="Text 1"
              class="c8"
              src="https://source.unsplash.com/random/600x600?r=1"
            />
          </div>
          <div
            class="c7"
          >
            <img
              alt="Text 2"
              class="c8"
              src="https://source.unsplash.com/random/600x600?r=2"
            />
          </div>
          <div
            class="c7"
          >
            <img
              alt="Text 3"
              class="c8"
              src="https://source.unsplash.com/random/600x600?r=3"
            />
          </div>
          <div
            class="c7"
          >
            <img
              alt="Text 4"
              class="c8"
              src="https://source.unsplash.com/random/600x600?r=4"
            />
          </div>
          <div
            class="c7"
          >
            <img
              alt="Text 5"
              class="c8"
              src="https://source.unsplash.com/random/600x600?r=5"
            />
          </div>
          <div
            class="c7"
          >
            <img
              alt="Text 6"
              class="c8"
              src="https://source.unsplash.com/random/600x600?r=6"
            />
          </div>
        </div>
      </section>
    </div>
  </div>
</div>
`;

exports[`<GridGallery /> should render without background 1`] = `
.c5 {
  font-size: 2.4rem;
}

.c2 > .c4 {
  margin-top: 0;
  margin-bottom: 3.2rem;
}

.c6 {
  display: grid;
  grid-template-columns: repeat(auto-fill,minmax(280px,1fr));
  gap: 3.2rem;
}

.c7 {
  overflow: hidden;
}

.c8 {
  width: 100%;
  -webkit-transition: all 300ms ease-in-out;
  transition: all 300ms ease-in-out;
}

.c8:hover {
  -webkit-transform: scale(1.2) rotate(10deg);
  -ms-transform: scale(1.2) rotate(10deg);
  transform: scale(1.2) rotate(10deg);
}

.c1 {
  max-width: 120rem;
  margin: 0 auto;
  padding: 3.2rem;
  width: 100%;
}

.c0 {
  background: #ffffff;
  color: #0A1128;
  min-height: 100vh;
  display: -webkit-box;
  display: -webkit-flex;
  display: -ms-flexbox;
  display: flex;
  -webkit-align-items: center;
  -webkit-box-align: center;
  -ms-flex-align: center;
  align-items: center;
}

.c3 {
  color: #0A1128;
  font-size: 4.0rem;
  text-transform: uppercase;
}

@media (max-width:768px) {
  .c6 {
    grid-template-columns: 1fr;
  }
}

<div>
  <div
    class="c0"
    id=""
  >
    <div
      class="c1"
    >
      <section
        class="c2"
      >
        <h2
          class="c3"
        >
          Grid Image
        </h2>
        <div
          class="c4 c5"
        >
          Lorem ipsum dolor sit amet consectetur, adipisicing elit. Nam officiis quibusdam iste! Nulla, !
        </div>
        <div
          class="c6"
        >
          <div
            class="c7"
          >
            <img
              alt="Text 1"
              class="c8"
              src="https://source.unsplash.com/random/600x600?r=1"
            />
          </div>
          <div
            class="c7"
          >
            <img
              alt="Text 2"
              class="c8"
              src="https://source.unsplash.com/random/600x600?r=2"
            />
          </div>
          <div
            class="c7"
          >
            <img
              alt="Text 3"
              class="c8"
              src="https://source.unsplash.com/random/600x600?r=3"
            />
          </div>
          <div
            class="c7"
          >
            <img
              alt="Text 4"
              class="c8"
              src="https://source.unsplash.com/random/600x600?r=4"
            />
          </div>
          <div
            class="c7"
          >
            <img
              alt="Text 5"
              class="c8"
              src="https://source.unsplash.com/random/600x600?r=5"
            />
          </div>
          <div
            class="c7"
          >
            <img
              alt="Text 6"
              class="c8"
              src="https://source.unsplash.com/random/600x600?r=6"
            />
          </div>
        </div>
      </section>
    </div>
  </div>
</div>
`;
