// Jest Snapshot v1, https://goo.gl/fbAQLP

exports[`<MenuLink /> should render open in a new tab 1`] = `
.c0 {
  display: block;
  -webkit-text-decoration: none;
  text-decoration: none;
  font-size: 1.6rem;
  padding: 1.6rem;
  color: #0A1128;
  position: relative;
}

.c0::after {
  content: '';
  background: #dc143c;
  position: absolute;
  bottom: 0.77rem;
  left: 50%;
  height: 0.2rem;
  width: 0;
  -webkit-transition: all 300ms ease-in-out;
  transition: all 300ms ease-in-out;
}

.c0:hover::after {
  left: 25%;
  width: 50%;
}

<div>
  <a
    class="c0"
    href="http://localhost"
    target="_self"
  >
    Children
  </a>
</div>
`;
